// Jest Snapshot v1, https://goo.gl/fbAQLP

exports[`Article component renders an article component 1`] = `[Function]`;
